
irina@IRA-NOUT MINGW64 ~
$ ssh-keygen -t rsa -C "irinakorobeinikova"
Generating public/private rsa key pair.
Enter file in which to save the key (/c/Users/irina/.ssh/id_rsa):
/c/Users/irina/.ssh/id_rsa already exists.
Overwrite (y/n)? y
Enter passphrase (empty for no passphrase):
Enter same passphrase again:
Your identification has been saved in /c/Users/irina/.ssh/id_rsa
Your public key has been saved in /c/Users/irina/.ssh/id_rsa.pub
The key fingerprint is:
SHA256:uYoYMRwwcpYvt0JRXD7kVHCAveRM5HcWC9zkSBG5Z5k irinakorobeinikova
The key's randomart image is:
+---[RSA 3072]----+
|+ o+.=B=B*o      |
|.=o o*+oo+.o     |
|  .o ==.o.=o     |
| .o.o +o.+E      |
| .+o .  So       |
|  .o.    .       |
|  ..    .        |
|   o . .         |
|  . . .          |
+----[SHA256]-----+

irina@IRA-NOUT MINGW64 ~
$ find *.ssh*
find: ‘*.ssh*’: No such file or directory

irina@IRA-NOUT MINGW64 ~
$ find ./.ssh
./.ssh
./.ssh/id_rsa
./.ssh/id_rsa.pub

irina@IRA-NOUT MINGW64 ~
$ git config --global user.email "irinakor81@mail.ru"

irina@IRA-NOUT MINGW64 ~
$ git config --global user.email
irinakor81@mail.ru

irina@IRA-NOUT MINGW64 ~
$ git config --global user.name "irinakorobeinikova"

irina@IRA-NOUT MINGW64 ~
$ git config --global user.name
irinakorobeinikova

irina@IRA-NOUT MINGW64 ~
$ pwd
/c/Users/irina

irina@IRA-NOUT MINGW64 ~
$ git clone https://github.com/irinakorobeinikova/group_21.git
Cloning into 'group_21'...
warning: You appear to have cloned an empty repository.

